******************************************************************************
                  TI ARM Linker Unix v20.2.5                   
******************************************************************************
>> Linked Thu Feb 17 23:15:52 2022

OUTPUT FILE NAME:   <uart_Print.out>
ENTRY POINT SYMBOL: "_c_int00_noargs"  address: 00002151


MEMORY CONFIGURATION

         name            origin    length      used     unused   attr    fill
----------------------  --------  ---------  --------  --------  ----  --------
  FLASH                 00000000   00040000  00002389  0003dc77  R  X
  SRAM                  20000000   00008000  000007d4  0000782c  RW X


SEGMENT ALLOCATION MAP

run origin  load origin   length   init length attrs members
----------  ----------- ---------- ----------- ----- -------
00000000    00000000    00002390   00002390    r-x
  00000000    00000000    0000026c   0000026c    r-- .intvecs
  0000026c    0000026c    00002004   00002004    r-x .text
  00002270    00002270    00000101   00000101    r-- .const
  00002378    00002378    00000018   00000018    r-- .cinit
20000000    20000000    000007d4   00000000    rw-
  20000000    20000000    000007d0   00000000    rw- .stack
  200007d0    200007d0    00000004   00000000    rw- .data


SECTION ALLOCATION MAP

 output                                  attributes/
section   page    origin      length       input sections
--------  ----  ----------  ----------   ----------------
.intvecs   0    00000000    0000026c     
                  00000000    0000026c     tm4c123gh6pm_startup_ccs.obj (.intvecs)

.text      0    0000026c    00002004     
                  0000026c    00000a4e     rtsv7M4_T_le_v4SPD16_eabi.lib : _printfi.c.obj (.text:__TI_printfi)
                  00000cba    00000002                                   : div0.asm.obj (.text)
                  00000cbc    00000270                                   : _printfi.c.obj (.text:_pconv_a)
                  00000f2c    000001d0                                   : _printfi.c.obj (.text:_pconv_g)
                  000010fc    000001c8     main.obj (.text)
                  000012c4    000001b6     rtsv7M4_T_le_v4SPD16_eabi.lib : fd_add_t2.asm.obj (.text)
                  0000147a    00000002     --HOLE-- [fill = 0]
                  0000147c    0000013c                                   : _printfi.c.obj (.text:_pconv_e)
                  000015b8    00000136                                   : fd_div_t2.asm.obj (.text)
                  000016ee    00000002     --HOLE-- [fill = 0]
                  000016f0    00000124                                   : _printfi.c.obj (.text:fcvt)
                  00001814    00000110                                   : s_scalbn.c.obj (.text:scalbn)
                  00001924    000000fc                                   : fd_mul_t2.asm.obj (.text)
                  00001a20    000000b1                                   : _printfi.c.obj (.text:_ltostr)
                  00001ad1    00000001     --HOLE-- [fill = 0]
                  00001ad2    0000009c                                   : memcpy_t2.asm.obj (.text)
                  00001b6e    00000096                                   : ull_div_t2.asm.obj (.text)
                  00001c04    00000086                                   : fd_cmp_t2.asm.obj (.text:__aeabi_cdcmple)
                  00001c8a    00000086                                   : fd_cmp_t2.asm.obj (.text:__aeabi_cdrcmple)
                  00001d10    0000007a                                   : memset_t2.asm.obj (.text)
                  00001d8a    0000006e                                   : _printfi.c.obj (.text:_mcpy)
                  00001df8    00000068                                   : copy_decompress_lzss.c.obj (.text:decompress:lzss:__TI_decompress_lzss)
                  00001e60    00000064                                   : s_frexp.c.obj (.text:frexp)
                  00001ec4    00000056                                   : _printfi.c.obj (.text:_pconv_f)
                  00001f1a    00000054                                   : _ltoa.c.obj (.text:__TI_ltoa)
                  00001f6e    00000052                                   : _printfi.c.obj (.text:_ecpy)
                  00001fc0    0000004c                                   : atoi.c.obj (.text:atoi)
                  0000200c    00000048                                   : fd_toi_t2.asm.obj (.text)
                  00002054    00000044                                   : autoinit.c.obj (.text:__TI_auto_init_nobinit_nopinit:__TI_auto_init_nobinit_nopinit)
                  00002098    00000040                                   : sprintf.c.obj (.text:sprintf)
                  000020d8    0000003e                                   : _printfi.c.obj (.text:_fcpy)
                  00002116    00000038                                   : fs_tod_t2.asm.obj (.text)
                  0000214e    00000002     --HOLE-- [fill = 0]
                  00002150    00000034                                   : boot_cortex_m.c.obj (.text:_c_int00_noargs:_c_int00_noargs)
                  00002184    0000002e                                   : i_tofd_t2.asm.obj (.text)
                  000021b2    0000001c                                   : memccpy.c.obj (.text:memccpy)
                  000021ce    0000001a                                   : s_copysign.c.obj (.text:copysign)
                  000021e8    00000018                                   : sprintf.c.obj (.text:_outs)
                  00002200    00000016                                   : strchr.c.obj (.text:strchr)
                  00002216    00000014                                   : strlen.c.obj (.text:strlen)
                  0000222a    00000012                                   : wcslen.c.obj (.text:wcslen)
                  0000223c    0000000e                                   : copy_decompress_none.c.obj (.text:decompress:none:__TI_decompress_none)
                  0000224a    0000000c     tm4c123gh6pm_startup_ccs.obj (.text)
                  00002256    0000000a     rtsv7M4_T_le_v4SPD16_eabi.lib : sprintf.c.obj (.text:_outc)
                  00002260    00000008                                   : errno.c.obj (.text:__aeabi_errno_addr)
                  00002268    00000004                                   : pre_init.c.obj (.text:_system_pre_init)
                  0000226c    00000004                                   : exit.c.obj (.text:abort:abort)

.const     0    00002270    00000101     
                  00002270    00000101     rtsv7M4_T_le_v4SPD16_eabi.lib : ctype.c.obj (.const:.string:_ctypes_)

.cinit     0    00002378    00000018     
                  00002378    00000008     (__TI_handler_table)
                  00002380    00000007     (.cinit..data.load) [load image, compression = lzss]
                  00002387    00000001     --HOLE-- [fill = 0]
                  00002388    00000008     (__TI_cinit_table)

.init_array 
*          0    00000000    00000000     UNINITIALIZED

.data      0    200007d0    00000004     UNINITIALIZED
                  200007d0    00000004     rtsv7M4_T_le_v4SPD16_eabi.lib : errno.c.obj (.data)

.stack     0    20000000    000007d0     UNINITIALIZED
                  20000000    00000004     rtsv7M4_T_le_v4SPD16_eabi.lib : boot_cortex_m.c.obj (.stack)
                  20000004    000007cc     --HOLE--

__llvm_prf_cnts 
*          0    20000000    00000000     UNINITIALIZED

MODULE SUMMARY

       Module                         code   ro data   rw data
       ------                         ----   -------   -------
    ./
       tm4c123gh6pm_startup_ccs.obj   12     620       0      
       main.obj                       456    0         0      
    +--+------------------------------+------+---------+---------+
       Total:                         468    620       0      
                                                              
    /Applications/ti/ccs1040/ccs/tools/compiler/ti-cgt-arm_20.2.5.LTS/lib/rtsv7M4_T_le_v4SPD16_eabi.lib
       _printfi.c.obj                 4851   0         0      
       fd_add_t2.asm.obj              438    0         0      
       fd_div_t2.asm.obj              310    0         0      
       s_scalbn.c.obj                 272    0         0      
       fd_cmp_t2.asm.obj              268    0         0      
       ctype.c.obj                    0      257       0      
       fd_mul_t2.asm.obj              252    0         0      
       memcpy_t2.asm.obj              156    0         0      
       ull_div_t2.asm.obj             150    0         0      
       memset_t2.asm.obj              122    0         0      
       copy_decompress_lzss.c.obj     104    0         0      
       s_frexp.c.obj                  100    0         0      
       sprintf.c.obj                  98     0         0      
       _ltoa.c.obj                    84     0         0      
       atoi.c.obj                     76     0         0      
       fd_toi_t2.asm.obj              72     0         0      
       autoinit.c.obj                 68     0         0      
       fs_tod_t2.asm.obj              56     0         0      
       boot_cortex_m.c.obj            52     0         0      
       i_tofd_t2.asm.obj              46     0         0      
       memccpy.c.obj                  28     0         0      
       s_copysign.c.obj               26     0         0      
       strchr.c.obj                   22     0         0      
       strlen.c.obj                   20     0         0      
       wcslen.c.obj                   18     0         0      
       copy_decompress_none.c.obj     14     0         0      
       errno.c.obj                    8      0         4      
       exit.c.obj                     4      0         0      
       pre_init.c.obj                 4      0         0      
       div0.asm.obj                   2      0         0      
    +--+------------------------------+------+---------+---------+
       Total:                         7721   257       4      
                                                              
       Stack:                         0      0         2000   
       Linker Generated:              0      23        0      
    +--+------------------------------+------+---------+---------+
       Grand Total:                   8189   900       2004   


LINKER GENERATED COPY TABLES

__TI_cinit_table @ 00002388 records: 1, size/record: 8, table size: 8
	.data: load addr=00002380, load size=00000007 bytes, run addr=200007d0, run size=00000004 bytes, compression=lzss


LINKER GENERATED HANDLER TABLE

__TI_handler_table @ 00002378 records: 2, size/record: 4, table size: 8
	index: 0, handler: __TI_decompress_lzss
	index: 1, handler: __TI_decompress_none


GLOBAL SYMBOLS: SORTED ALPHABETICALLY BY Name 

address   name                          
-------   ----                          
0000226d  C$$EXIT                       
00001251  Delay                         
0000224b  ResetISR                      
200007d0  __STACK_END                   
000007d0  __STACK_SIZE                  
20000200  __STACK_TOP                   
00002388  __TI_CINIT_Base               
00002390  __TI_CINIT_Limit              
00002378  __TI_Handler_Table_Base       
00002380  __TI_Handler_Table_Limit      
00002055  __TI_auto_init_nobinit_nopinit
00001df9  __TI_decompress_lzss          
0000223d  __TI_decompress_none          
00001f1b  __TI_ltoa                     
ffffffff  __TI_pprof_out_hndl           
0000026d  __TI_printfi                  
ffffffff  __TI_prof_data_size           
ffffffff  __TI_prof_data_start          
00000000  __TI_static_base__            
00001c05  __aeabi_cdcmpeq               
00001c05  __aeabi_cdcmple               
00001c8b  __aeabi_cdrcmple              
0000200d  __aeabi_d2iz                  
000012cf  __aeabi_dadd                  
000015b9  __aeabi_ddiv                  
00001925  __aeabi_dmul                  
000012c5  __aeabi_dsub                  
00002261  __aeabi_errno_addr            
00002117  __aeabi_f2d                   
00002185  __aeabi_i2d                   
00000cbb  __aeabi_idiv0                 
00000cbb  __aeabi_ldiv0                 
00001d11  __aeabi_memclr                
00001d11  __aeabi_memclr4               
00001d11  __aeabi_memclr8               
00001ad3  __aeabi_memcpy                
00001ad3  __aeabi_memcpy4               
00001ad3  __aeabi_memcpy8               
00001d13  __aeabi_memset                
00001d13  __aeabi_memset4               
00001d13  __aeabi_memset8               
00001b6f  __aeabi_uldivmod              
ffffffff  __binit__                     
ffffffff  __c_args__                    
UNDEFED   __mpu_init                    
20000000  __stack                       
20000000  __start___llvm_prf_cnts       
20000000  __stop___llvm_prf_cnts        
00002151  _c_int00_noargs               
00002270  _ctypes_                      
UNDEFED   _system_post_cinit            
00002269  _system_pre_init              
0000226d  abort                         
00001fc1  atoi                          
ffffffff  binit                         
0000116f  config_uart0                  
000021cf  copysign                      
000021cf  copysignl                     
200007d0  errno                         
00001e61  frexp                         
00001e61  frexpl                        
00000000  g_pfnVectors                  
00001815  ldexp                         
00001815  ldexpl                        
000010fd  main                          
000021b3  memccpy                       
00001ad3  memcpy                        
00001d19  memset                        
00001815  scalbn                        
00001815  scalbnl                       
00002099  sprintf                       
00002201  strchr                        
00002217  strlen                        
00001235  tx_car                        
0000222b  wcslen                        


GLOBAL SYMBOLS: SORTED BY Symbol Address 

address   name                          
-------   ----                          
00000000  __TI_static_base__            
00000000  g_pfnVectors                  
0000026d  __TI_printfi                  
000007d0  __STACK_SIZE                  
00000cbb  __aeabi_idiv0                 
00000cbb  __aeabi_ldiv0                 
000010fd  main                          
0000116f  config_uart0                  
00001235  tx_car                        
00001251  Delay                         
000012c5  __aeabi_dsub                  
000012cf  __aeabi_dadd                  
000015b9  __aeabi_ddiv                  
00001815  ldexp                         
00001815  ldexpl                        
00001815  scalbn                        
00001815  scalbnl                       
00001925  __aeabi_dmul                  
00001ad3  __aeabi_memcpy                
00001ad3  __aeabi_memcpy4               
00001ad3  __aeabi_memcpy8               
00001ad3  memcpy                        
00001b6f  __aeabi_uldivmod              
00001c05  __aeabi_cdcmpeq               
00001c05  __aeabi_cdcmple               
00001c8b  __aeabi_cdrcmple              
00001d11  __aeabi_memclr                
00001d11  __aeabi_memclr4               
00001d11  __aeabi_memclr8               
00001d13  __aeabi_memset                
00001d13  __aeabi_memset4               
00001d13  __aeabi_memset8               
00001d19  memset                        
00001df9  __TI_decompress_lzss          
00001e61  frexp                         
00001e61  frexpl                        
00001f1b  __TI_ltoa                     
00001fc1  atoi                          
0000200d  __aeabi_d2iz                  
00002055  __TI_auto_init_nobinit_nopinit
00002099  sprintf                       
00002117  __aeabi_f2d                   
00002151  _c_int00_noargs               
00002185  __aeabi_i2d                   
000021b3  memccpy                       
000021cf  copysign                      
000021cf  copysignl                     
00002201  strchr                        
00002217  strlen                        
0000222b  wcslen                        
0000223d  __TI_decompress_none          
0000224b  ResetISR                      
00002261  __aeabi_errno_addr            
00002269  _system_pre_init              
0000226d  C$$EXIT                       
0000226d  abort                         
00002270  _ctypes_                      
00002378  __TI_Handler_Table_Base       
00002380  __TI_Handler_Table_Limit      
00002388  __TI_CINIT_Base               
00002390  __TI_CINIT_Limit              
20000000  __stack                       
20000000  __start___llvm_prf_cnts       
20000000  __stop___llvm_prf_cnts        
20000200  __STACK_TOP                   
200007d0  __STACK_END                   
200007d0  errno                         
ffffffff  __TI_pprof_out_hndl           
ffffffff  __TI_prof_data_size           
ffffffff  __TI_prof_data_start          
ffffffff  __binit__                     
ffffffff  __c_args__                    
ffffffff  binit                         
UNDEFED   __mpu_init                    
UNDEFED   _system_post_cinit            

[75 symbols]
