******************************************************************************
                  TI ARM Linker PC v20.2.5                     
******************************************************************************
>> Linked Mon Jan 17 19:05:05 2022

OUTPUT FILE NAME:   <Pwm_Test.out>
ENTRY POINT SYMBOL: "_c_int00_noargs"  address: 000004bd


MEMORY CONFIGURATION

         name            origin    length      used     unused   attr    fill
----------------------  --------  ---------  --------  --------  ----  --------
  FLASH                 00000000   00040000  0000052a  0003fad6  R  X
  SRAM                  20000000   00008000  00000214  00007dec  RW X


SEGMENT ALLOCATION MAP

run origin  load origin   length   init length attrs members
----------  ----------- ---------- ----------- ----- -------
00000000    00000000    00000530   00000530    r-x
  00000000    00000000    0000026c   0000026c    r-- .intvecs
  0000026c    0000026c    000002a6   000002a6    r-x .text
  00000518    00000518    00000018   00000018    r-- .cinit
20000000    20000000    00000214   00000000    rw-
  20000000    20000000    00000200   00000000    rw- .stack
  20000200    20000200    00000010   00000000    rw- .sysmem
  20000210    20000210    00000004   00000000    rw- .data


SECTION ALLOCATION MAP

 output                                  attributes/
section   page    origin      length       input sections
--------  ----  ----------  ----------   ----------------
.intvecs   0    00000000    0000026c     
                  00000000    0000026c     tm4c123gh6pm_startup_ccs.obj (.intvecs)

.text      0    0000026c    000002a6     
                  0000026c    00000108     main.obj (.text)
                  00000374    0000009c     rtsv7M4_T_le_v4SPD16_eabi.lib : memcpy_t2.asm.obj (.text)
                  00000410    00000068                                   : copy_decompress_lzss.c.obj (.text:decompress:lzss:__TI_decompress_lzss)
                  00000478    00000044                                   : autoinit.c.obj (.text:__TI_auto_init_nobinit_nopinit:__TI_auto_init_nobinit_nopinit)
                  000004bc    00000034                                   : boot_cortex_m.c.obj (.text:_c_int00_noargs:_c_int00_noargs)
                  000004f0    0000000e                                   : copy_decompress_none.c.obj (.text:decompress:none:__TI_decompress_none)
                  000004fe    0000000c     tm4c123gh6pm_startup_ccs.obj (.text)
                  0000050a    00000004     rtsv7M4_T_le_v4SPD16_eabi.lib : pre_init.c.obj (.text:_system_pre_init)
                  0000050e    00000004                                   : exit.c.obj (.text:abort:abort)

.cinit     0    00000518    00000018     
                  00000518    00000008     (.cinit..data.load) [load image, compression = lzss]
                  00000520    00000008     (__TI_handler_table)
                  00000528    00000008     (__TI_cinit_table)

.init_array 
*          0    00000000    00000000     UNINITIALIZED

.stack     0    20000000    00000200     UNINITIALIZED
                  20000000    00000004     rtsv7M4_T_le_v4SPD16_eabi.lib : boot_cortex_m.c.obj (.stack)
                  20000004    000001fc     --HOLE--

.data      0    20000210    00000004     UNINITIALIZED
                  20000210    00000004     main.obj (.data)

.sysmem    0    20000200    00000010     UNINITIALIZED
                  20000200    00000010     rtsv7M4_T_le_v4SPD16_eabi.lib : memory.c.obj (.sysmem)

__llvm_prf_cnts 
*          0    20000000    00000000     UNINITIALIZED

MODULE SUMMARY

       Module                         code   ro data   rw data
       ------                         ----   -------   -------
    .\
       tm4c123gh6pm_startup_ccs.obj   12     620       0      
       main.obj                       264    0         4      
    +--+------------------------------+------+---------+---------+
       Total:                         276    620       4      
                                                              
    C:\ti\ccs1040\ccs\tools\compiler\ti-cgt-arm_20.2.5.LTS\lib\rtsv7M4_T_le_v4SPD16_eabi.lib
       memcpy_t2.asm.obj              156    0         0      
       copy_decompress_lzss.c.obj     104    0         0      
       autoinit.c.obj                 68     0         0      
       boot_cortex_m.c.obj            52     0         0      
       copy_decompress_none.c.obj     14     0         0      
       exit.c.obj                     4      0         0      
       pre_init.c.obj                 4      0         0      
    +--+------------------------------+------+---------+---------+
       Total:                         402    0         0      
                                                              
       Heap:                          0      0         16     
       Stack:                         0      0         512    
       Linker Generated:              0      24        0      
    +--+------------------------------+------+---------+---------+
       Grand Total:                   678    644       532    


LINKER GENERATED COPY TABLES

__TI_cinit_table @ 00000528 records: 1, size/record: 8, table size: 8
	.data: load addr=00000518, load size=00000008 bytes, run addr=20000210, run size=00000004 bytes, compression=lzss


LINKER GENERATED HANDLER TABLE

__TI_handler_table @ 00000520 records: 2, size/record: 4, table size: 8
	index: 0, handler: __TI_decompress_lzss
	index: 1, handler: __TI_decompress_none


GLOBAL SYMBOLS: SORTED ALPHABETICALLY BY Name 

address   name                          
-------   ----                          
0000050f  C$$EXIT                       
000004ff  ResetISR                      
20000200  __STACK_END                   
00000200  __STACK_SIZE                  
20000200  __STACK_TOP                   
00000010  __SYSMEM_SIZE                 
00000528  __TI_CINIT_Base               
00000530  __TI_CINIT_Limit              
00000520  __TI_Handler_Table_Base       
00000528  __TI_Handler_Table_Limit      
00000479  __TI_auto_init_nobinit_nopinit
00000411  __TI_decompress_lzss          
000004f1  __TI_decompress_none          
ffffffff  __TI_pprof_out_hndl           
ffffffff  __TI_prof_data_size           
ffffffff  __TI_prof_data_start          
00000000  __TI_static_base__            
00000375  __aeabi_memcpy                
00000375  __aeabi_memcpy4               
00000375  __aeabi_memcpy8               
ffffffff  __binit__                     
ffffffff  __c_args__                    
UNDEFED   __mpu_init                    
20000000  __stack                       
20000000  __start___llvm_prf_cnts       
20000000  __stop___llvm_prf_cnts        
000004bd  _c_int00_noargs               
20000200  _sys_memory                   
UNDEFED   _system_post_cinit            
0000050b  _system_pre_init              
0000050f  abort                         
ffffffff  binit                         
000002fd  delayMs                       
00000000  g_pfnVectors                  
0000026d  main                          
00000375  memcpy                        
20000210  x                             


GLOBAL SYMBOLS: SORTED BY Symbol Address 

address   name                          
-------   ----                          
00000000  __TI_static_base__            
00000000  g_pfnVectors                  
00000010  __SYSMEM_SIZE                 
00000200  __STACK_SIZE                  
0000026d  main                          
000002fd  delayMs                       
00000375  __aeabi_memcpy                
00000375  __aeabi_memcpy4               
00000375  __aeabi_memcpy8               
00000375  memcpy                        
00000411  __TI_decompress_lzss          
00000479  __TI_auto_init_nobinit_nopinit
000004bd  _c_int00_noargs               
000004f1  __TI_decompress_none          
000004ff  ResetISR                      
0000050b  _system_pre_init              
0000050f  C$$EXIT                       
0000050f  abort                         
00000520  __TI_Handler_Table_Base       
00000528  __TI_CINIT_Base               
00000528  __TI_Handler_Table_Limit      
00000530  __TI_CINIT_Limit              
20000000  __stack                       
20000000  __start___llvm_prf_cnts       
20000000  __stop___llvm_prf_cnts        
20000200  __STACK_END                   
20000200  __STACK_TOP                   
20000200  _sys_memory                   
20000210  x                             
ffffffff  __TI_pprof_out_hndl           
ffffffff  __TI_prof_data_size           
ffffffff  __TI_prof_data_start          
ffffffff  __binit__                     
ffffffff  __c_args__                    
ffffffff  binit                         
UNDEFED   __mpu_init                    
UNDEFED   _system_post_cinit            

[37 symbols]
